[     545ms] [ERROR] In HTML, %s cannot be a descendant of <%s>.
This will cause a hydration error.%s <button> button 

  ...
    <div className="relative w..." data-slot="table-cont...">
      <table className="in-data-[s..." data-slot="table">
        <TableHeader>
        <TableBody>
          <tbody className={"in-data-..."} data-slot="table-body">
            <TableRow className="cursor-poi..." onClick={function PoliciesTable[policies.map() > <TableRow>.onClick]}>
              <tr className="hover:bg-m..." data-slot="table-row" ...>
                <TableCell>
                <TableCell>
                <TableCell>
                <TableCell>
                <TableCell>
                <TableCell>
                <TableCell onClick={function _PoliciesTablePoliciesMapTableCellOnClick}>
                  <td className="in-data-[s..." data-slot="table-cell" ...>
                    <MenuRoot>
                      <FloatingTree externalTree={{nodesRef:{...}, ...}}>
                        <MenuTrigger>
                          <MenuTrigger className={undefined} data-slot="menu-trigger">
>                           <button
>                             type="button"
>                             onClick={function onClick}
>                             onMouseDown={function onMouseDown}
>                             onKeyDown={function}
>                             onKeyUp={function onKeyUp}
>                             onPointerDown={function onPointerDown}
>                             tabIndex={0}
>                             disabled={false}
>                             aria-haspopup="menu"
>                             id="base-ui-_r_d_"
>                             data-slot="menu-trigger"
>                             ref={function}
>                           >
                              <Button variant="ghost" size="icon" className="size-8">
>                               <button
>                                 data-slot="button"
>                                 data-variant="ghost"
>                                 data-size="icon"
>                                 className={"inline-flex shrink-0 items-center justify-center gap-2 rounded-md text-..."}
>                               >
                        ...
 @ http://localhost:3000/_next/static/chunks/03nd_next_dist_0em1kwt._.js:3272
[     547ms] [ERROR] <%s> cannot contain a nested %s.
See this log for the ancestor stack trace. button <button> @ http://localhost:3000/_next/static/chunks/03nd_next_dist_0em1kwt._.js:3272
