Total messages: 2 (Errors: 0, Warnings: 0)
Returning 30 messages for level "info"

[INFO] %cDownload the React DevTools for a better development experience: https://react.dev/link/react-devtools font-weight:bold @ http://localhost:3000/_next/static/chunks/0xd7_next_dist_0yykw8u._.js:2431
[LOG] [HMR] connected @ http://localhost:3000/_next/static/chunks/0xd7_next_dist_0yykw8u._.js:2431
[LOG] [Fast Refresh] rebuilding @ http://localhost:3000/_next/static/chunks/0xd7_next_dist_0yykw8u._.js:2431
[LOG] [Fast Refresh] done in 107ms @ http://localhost:3000/_next/static/chunks/0xd7_next_dist_0yykw8u._.js:2431
[INFO] %cDownload the React DevTools for a better development experience: https://react.dev/link/react-devtools font-weight:bold @ http://localhost:3000/_next/static/chunks/0xd7_next_dist_0yykw8u._.js:2431
[LOG] [HMR] connected @ http://localhost:3000/_next/static/chunks/0xd7_next_dist_0yykw8u._.js:2431
[INFO] %cDownload the React DevTools for a better development experience: https://react.dev/link/react-devtools font-weight:bold @ http://localhost:3000/_next/static/chunks/0xd7_next_dist_0yykw8u._.js:2431
[LOG] [HMR] connected @ http://localhost:3000/_next/static/chunks/0xd7_next_dist_0yykw8u._.js:2431
[INFO] %cDownload the React DevTools for a better development experience: https://react.dev/link/react-devtools font-weight:bold @ http://localhost:3000/_next/static/chunks/0xd7_next_dist_0yykw8u._.js:2431
[LOG] [HMR] connected @ http://localhost:3000/_next/static/chunks/0xd7_next_dist_0yykw8u._.js:2431
[INFO] %cDownload the React DevTools for a better development experience: https://react.dev/link/react-devtools font-weight:bold @ http://localhost:3000/_next/static/chunks/0xd7_next_dist_0yykw8u._.js:2431
[LOG] [HMR] connected @ http://localhost:3000/_next/static/chunks/0xd7_next_dist_0yykw8u._.js:2431
[INFO] %cDownload the React DevTools for a better development experience: https://react.dev/link/react-devtools font-weight:bold @ http://localhost:3000/_next/static/chunks/0xd7_next_dist_0yykw8u._.js:2431
[LOG] [HMR] connected @ http://localhost:3000/_next/static/chunks/0xd7_next_dist_0yykw8u._.js:2431
[INFO] %cDownload the React DevTools for a better development experience: https://react.dev/link/react-devtools font-weight:bold @ http://localhost:3000/_next/static/chunks/0xd7_next_dist_0yykw8u._.js:2431
[LOG] [HMR] connected @ http://localhost:3000/_next/static/chunks/0xd7_next_dist_0yykw8u._.js:2431
[LOG] [Fast Refresh] rebuilding @ http://localhost:3000/_next/static/chunks/0xd7_next_dist_0yykw8u._.js:2431
[LOG] [Fast Refresh] done in 173ms @ http://localhost:3000/_next/static/chunks/0xd7_next_dist_0yykw8u._.js:2431
[INFO] %cDownload the React DevTools for a better development experience: https://react.dev/link/react-devtools font-weight:bold @ http://localhost:3000/_next/static/chunks/0xd7_next_dist_0yykw8u._.js:2431
[LOG] [HMR] connected @ http://localhost:3000/_next/static/chunks/0xd7_next_dist_0yykw8u._.js:2431
[INFO] %cDownload the React DevTools for a better development experience: https://react.dev/link/react-devtools font-weight:bold @ http://localhost:3000/_next/static/chunks/0xd7_next_dist_0yykw8u._.js:2431
[LOG] [HMR] connected @ http://localhost:3000/_next/static/chunks/0xd7_next_dist_0yykw8u._.js:2431
[INFO] %cDownload the React DevTools for a better development experience: https://react.dev/link/react-devtools font-weight:bold @ http://localhost:3000/_next/static/chunks/0xd7_next_dist_0yykw8u._.js:2431
[LOG] [HMR] connected @ http://localhost:3000/_next/static/chunks/0xd7_next_dist_0yykw8u._.js:2431
[INFO] %cDownload the React DevTools for a better development experience: https://react.dev/link/react-devtools font-weight:bold @ http://localhost:3000/_next/static/chunks/0xd7_next_dist_0yykw8u._.js:2431
[LOG] [HMR] connected @ http://localhost:3000/_next/static/chunks/0xd7_next_dist_0yykw8u._.js:2431
[INFO] %cDownload the React DevTools for a better development experience: https://react.dev/link/react-devtools font-weight:bold @ http://localhost:3000/_next/static/chunks/0xd7_next_dist_0yykw8u._.js:2431
[LOG] [HMR] connected @ http://localhost:3000/_next/static/chunks/0xd7_next_dist_0yykw8u._.js:2431
[INFO] %cDownload the React DevTools for a better development experience: https://react.dev/link/react-devtools font-weight:bold @ http://localhost:3000/_next/static/chunks/0xd7_next_dist_0yykw8u._.js:2431
[LOG] [HMR] connected @ http://localhost:3000/_next/static/chunks/0xd7_next_dist_0yykw8u._.js:2431